src/prisma/prisma-academic.service.ts(16,13): error TS2353: Object literal may only specify known properties, and 'adapter' does not exist in type 'Subset<PrismaClientOptions, PrismaClientOptions>'.
src/prisma/prisma-auth.service.ts(16,13): error TS2353: Object literal may only specify known properties, and 'adapter' does not exist in type 'Subset<PrismaClientOptions, PrismaClientOptions>'.
src/prisma/prisma-support.service.ts(16,13): error TS2353: Object literal may only specify known properties, and 'adapter' does not exist in type 'Subset<PrismaClientOptions, PrismaClientOptions>'.
src/user/entities/user.entity.ts(1,36): error TS2307: Cannot find module '../../../../prisma/generated/client-auth' or its corresponding type declarations.
test/app.e2e-spec.ts(20,12): error TS2349: This expression is not callable.
  Type '{ default: SuperTestStatic; Test: typeof Test; agent: typeof TestAgent & ((app?: App | undefined, options?: AgentOptions | undefined) => TestAgent<...>); }' has no call signatures.
